function OnUpdate(doc, meta)
{
    var bucket='default';
    new N1qlQuery(`delete * FROM :bucket`);
}
